Exercice2_bd_wrapper: Exercice2_bd_clk_wiz_0_0_clk_wiz__GC0, Exercice2_bd__GCB1, sc_mmu_v1_0_10_top__GB0, sc_mmu_v1_0_10_top__GB1, s00_entry_pipeline_imp_10M9RRE__GC0, Exercice2_bd__GCB2, OutputSERDES__GC0, Exercice2_bd_v_proc_ss_0_0, rgb2dvi__GC0, bd_8e83__GC0, 
rgb2dvi: rgb2dvi__GC0, OutputSERDES__GC0, 
s00_entry_pipeline_imp_10M9RRE: s00_entry_pipeline_imp_10M9RRE__GC0, sc_mmu_v1_0_10_top__GB1, sc_mmu_v1_0_10_top__GB0, 
Exercice2_bd_rgb2dvi_0_0: rgb2dvi__GC0, OutputSERDES__GC0, 
Exercice2_bd: Exercice2_bd_clk_wiz_0_0_clk_wiz__GC0, Exercice2_bd__GCB1, sc_mmu_v1_0_10_top__GB0, sc_mmu_v1_0_10_top__GB1, s00_entry_pipeline_imp_10M9RRE__GC0, Exercice2_bd__GCB2, OutputSERDES__GC0, Exercice2_bd_v_proc_ss_0_0, rgb2dvi__GC0, bd_8e83__GC0, 
keep__1294: 
OutputSERDES: OutputSERDES__GC0, 
Exercice2_bd_clk_wiz_0_0: Exercice2_bd_clk_wiz_0_0_clk_wiz__GC0, 
bd_8e83: bd_8e83__GC0, s00_entry_pipeline_imp_10M9RRE__GC0, sc_mmu_v1_0_10_top__GB1, sc_mmu_v1_0_10_top__GB0, 
Exercice2_bd_clk_wiz_0_0_clk_wiz: Exercice2_bd_clk_wiz_0_0_clk_wiz__GC0, 
Exercice2_bd_smartconnect_0_0: bd_8e83__GC0, s00_entry_pipeline_imp_10M9RRE__GC0, sc_mmu_v1_0_10_top__GB1, sc_mmu_v1_0_10_top__GB0, 
keep__1293: 
sc_mmu_v1_0_10_top: sc_mmu_v1_0_10_top__GB1, sc_mmu_v1_0_10_top__GB0, 
bd_8e83_s00mmu_0: sc_mmu_v1_0_10_top__GB1, sc_mmu_v1_0_10_top__GB0, 
