15:42:33 **** Incremental Build of configuration Debug for project pain2 ****
make all 
make --no-print-directory pre-build
a9-linaro-pre-build-step
' '
make --no-print-directory main-build
'Building file: ../src/main.cpp'
'Invoking: ARM v7 g++ compiler'
arm-none-eabi-g++ -Wall -O0 -g3 -c -fmessage-length=0 -MT"src/main.o" -mcpu=cortex-a9 -mfpu=vfpv3 -mfloat-abi=hard -IC:/GitHub/TheLegendOfSherby/jeu/Exercice2_bd_wrapper/export/Exercice2_bd_wrapper/sw/Exercice2_bd_wrapper/standalone_ps7_cortexa9_0/bspinclude/include -MMD -MP -MF"src/main.d" -MT"src/main.o" -o "src/main.o" "../src/main.cpp"
../src/main.cpp: In function 'int main()':
../src/main.cpp:27:10: warning: unused variable 'tick' [-Wunused-variable]
   27 |     long tick = time ;//* 667000000;
      |          ^~~~
../src/main.cpp:29:9: warning: unused variable 'colorA' [-Wunused-variable]
   29 |     int colorA = 0x00000000;
      |         ^~~~~~
../src/main.cpp:30:9: warning: unused variable 'colorB' [-Wunused-variable]
   30 |     int colorB = 0x0000FF00;
      |         ^~~~~~
'Finished building: ../src/main.cpp'
' '
'Building target: pain2.elf'
'Invoking: ARM v7 g++ linker'
arm-none-eabi-g++ -mcpu=cortex-a9 -mfpu=vfpv3 -mfloat-abi=hard -Wl,-build-id=none -specs=Xilinx.spec -Wl,-T -Wl,../src/lscript.ld -LC:/GitHub/TheLegendOfSherby/jeu/Exercice2_bd_wrapper/export/Exercice2_bd_wrapper/sw/Exercice2_bd_wrapper/standalone_ps7_cortexa9_0/bsplib/lib -o "pain2.elf"  ./src/actor.o ./src/api.o ./src/background.o ./src/character.o ./src/main.o ./src/scaler.o ./src/vdma.o   -Wl,--start-group,-lxil,-lgcc,-lc,-lstdc++,--end-group
'Finished building target: pain2.elf'
' '
'Invoking: ARM v7 Print Size'
arm-none-eabi-size pain2.elf  |tee "pain2.elf.size"
   text	   data	    bss	    dec	    hex	filename
 238888	 232152	 160960	 632000	  9a4c0	pain2.elf
'Finished building: pain2.elf.size'
' '

15:42:34 Build Finished (took 1s.358ms)

