Copyright 1986-2020 Xilinx, Inc. All Rights Reserved.
-----------------------------------------------------------------------------------------------------------------------------------
| Tool Version : Vivado v.2020.2 (win64) Build 3064766 Wed Nov 18 09:12:45 MST 2020
| Date         : Thu Aug  4 16:06:04 2022
| Host         : DESKTOP-NHSH7S2 running 64-bit major release  (build 9200)
| Command      : report_utilization -file Exercice2_bd_wrapper_utilization_synth.rpt -pb Exercice2_bd_wrapper_utilization_synth.pb
| Design       : Exercice2_bd_wrapper
| Device       : 7z010clg400-1
| Design State : Synthesized
-----------------------------------------------------------------------------------------------------------------------------------

Utilization Design Information

Table of Contents
-----------------
1. Slice Logic
1.1 Summary of Registers by Type
2. Memory
3. DSP
4. IO and GT Specific
5. Clocking
6. Specific Feature
7. Primitives
8. Black Boxes
9. Instantiated Netlists

1. Slice Logic
--------------

+----------------------------+------+-------+-----------+-------+
|          Site Type         | Used | Fixed | Available | Util% |
+----------------------------+------+-------+-----------+-------+
| Slice LUTs*                | 6531 |     0 |     17600 | 37.11 |
|   LUT as Logic             | 5972 |     0 |     17600 | 33.93 |
|   LUT as Memory            |  559 |     0 |      6000 |  9.32 |
|     LUT as Distributed RAM |  208 |     0 |           |       |
|     LUT as Shift Register  |  351 |     0 |           |       |
| Slice Registers            | 7928 |     0 |     35200 | 22.52 |
|   Register as Flip Flop    | 7928 |     0 |     35200 | 22.52 |
|   Register as Latch        |    0 |     0 |     35200 |  0.00 |
| F7 Muxes                   |   32 |     0 |      8800 |  0.36 |
| F8 Muxes                   |    0 |     0 |      4400 |  0.00 |
+----------------------------+------+-------+-----------+-------+
* Warning! The Final LUT count, after physical optimizations and full implementation, is typically lower. Run opt_design after synthesis, if not already completed, for a more realistic count.


1.1 Summary of Registers by Type
--------------------------------

+-------+--------------+-------------+--------------+
| Total | Clock Enable | Synchronous | Asynchronous |
+-------+--------------+-------------+--------------+
| 0     |            _ |           - |            - |
| 0     |            _ |           - |          Set |
| 0     |            _ |           - |        Reset |
| 0     |            _ |         Set |            - |
| 0     |            _ |       Reset |            - |
| 0     |          Yes |           - |            - |
| 6     |          Yes |           - |          Set |
| 407   |          Yes |           - |        Reset |
| 337   |          Yes |         Set |            - |
| 7178  |          Yes |       Reset |            - |
+-------+--------------+-------------+--------------+


2. Memory
---------

+-------------------+------+-------+-----------+-------+
|     Site Type     | Used | Fixed | Available | Util% |
+-------------------+------+-------+-----------+-------+
| Block RAM Tile    |   18 |     0 |        60 | 30.00 |
|   RAMB36/FIFO*    |   11 |     0 |        60 | 18.33 |
|     RAMB36E1 only |   11 |       |           |       |
|   RAMB18          |   14 |     0 |       120 | 11.67 |
|     RAMB18E1 only |   14 |       |           |       |
+-------------------+------+-------+-----------+-------+
* Note: Each Block RAM Tile only has one FIFO logic available and therefore can accommodate only one FIFO36E1 or one FIFO18E1. However, if a FIFO18E1 occupies a Block RAM Tile, that tile can still accommodate a RAMB18E1


3. DSP
------

+----------------+------+-------+-----------+-------+
|    Site Type   | Used | Fixed | Available | Util% |
+----------------+------+-------+-----------+-------+
| DSPs           |   36 |     0 |        80 | 45.00 |
|   DSP48E1 only |   36 |       |           |       |
+----------------+------+-------+-----------+-------+


4. IO and GT Specific
---------------------

+-----------------------------+------+-------+-----------+--------+
|          Site Type          | Used | Fixed | Available |  Util% |
+-----------------------------+------+-------+-----------+--------+
| Bonded IOB                  |   10 |     0 |       100 |  10.00 |
| Bonded IPADs                |    0 |     0 |         2 |   0.00 |
| Bonded IOPADs               |  130 |     0 |       130 | 100.00 |
| PHY_CONTROL                 |    0 |     0 |         2 |   0.00 |
| PHASER_REF                  |    0 |     0 |         2 |   0.00 |
| OUT_FIFO                    |    0 |     0 |         8 |   0.00 |
| IN_FIFO                     |    0 |     0 |         8 |   0.00 |
| IDELAYCTRL                  |    0 |     0 |         2 |   0.00 |
| IBUFDS                      |    0 |     0 |        96 |   0.00 |
| PHASER_OUT/PHASER_OUT_PHY   |    0 |     0 |         8 |   0.00 |
| PHASER_IN/PHASER_IN_PHY     |    0 |     0 |         8 |   0.00 |
| IDELAYE2/IDELAYE2_FINEDELAY |    0 |     0 |       100 |   0.00 |
| ILOGIC                      |    0 |     0 |       100 |   0.00 |
| OLOGIC                      |    8 |     0 |       100 |   8.00 |
|   OSERDES                   |    8 |       |           |        |
+-----------------------------+------+-------+-----------+--------+


5. Clocking
-----------

+------------+------+-------+-----------+-------+
|  Site Type | Used | Fixed | Available | Util% |
+------------+------+-------+-----------+-------+
| BUFGCTRL   |    4 |     0 |        32 | 12.50 |
| BUFIO      |    0 |     0 |         8 |  0.00 |
| MMCME2_ADV |    1 |     0 |         2 | 50.00 |
| PLLE2_ADV  |    1 |     0 |         2 | 50.00 |
| BUFMRCE    |    0 |     0 |         4 |  0.00 |
| BUFHCE     |    0 |     0 |        48 |  0.00 |
| BUFR       |    0 |     0 |         8 |  0.00 |
+------------+------+-------+-----------+-------+


6. Specific Feature
-------------------

+-------------+------+-------+-----------+-------+
|  Site Type  | Used | Fixed | Available | Util% |
+-------------+------+-------+-----------+-------+
| BSCANE2     |    0 |     0 |         4 |  0.00 |
| CAPTUREE2   |    0 |     0 |         1 |  0.00 |
| DNA_PORT    |    0 |     0 |         1 |  0.00 |
| EFUSE_USR   |    0 |     0 |         1 |  0.00 |
| FRAME_ECCE2 |    0 |     0 |         1 |  0.00 |
| ICAPE2      |    0 |     0 |         2 |  0.00 |
| STARTUPE2   |    0 |     0 |         1 |  0.00 |
| XADC        |    0 |     0 |         1 |  0.00 |
+-------------+------+-------+-----------+-------+


7. Primitives
-------------

+------------+------+----------------------+
|  Ref Name  | Used |  Functional Category |
+------------+------+----------------------+
| FDRE       | 7178 |         Flop & Latch |
| LUT6       | 1686 |                  LUT |
| LUT3       | 1600 |                  LUT |
| LUT4       | 1407 |                  LUT |
| LUT5       | 1257 |                  LUT |
| LUT2       |  763 |                  LUT |
| LUT1       |  577 |                  LUT |
| FDCE       |  407 |         Flop & Latch |
| SRL16E     |  351 |   Distributed Memory |
| FDSE       |  337 |         Flop & Latch |
| CARRY4     |  253 |           CarryLogic |
| RAMS64E    |  192 |   Distributed Memory |
| BIBUF      |  130 |                   IO |
| DSP48E1    |   36 |     Block Arithmetic |
| MUXF7      |   32 |                MuxFx |
| RAMD32     |   24 |   Distributed Memory |
| RAMB18E1   |   14 |         Block Memory |
| RAMB36E1   |   11 |         Block Memory |
| RAMS32     |    8 |   Distributed Memory |
| OSERDESE2  |    8 |                   IO |
| FDPE       |    6 |         Flop & Latch |
| OBUFDS     |    4 |                   IO |
| BUFG       |    4 |                Clock |
| IBUF       |    2 |                   IO |
| PS7        |    1 | Specialized Resource |
| PLLE2_ADV  |    1 |                Clock |
| MMCME2_ADV |    1 |                Clock |
+------------+------+----------------------+


8. Black Boxes
--------------

+----------+------+
| Ref Name | Used |
+----------+------+


9. Instantiated Netlists
------------------------

+----------+------+
| Ref Name | Used |
+----------+------+


